CMI_FILES_CC := \\
@top_builddir@/common/cmi/src/cmi_af_spdf_linkdefs.cc \
@top_builddir@/common/cmi/src/cmi_ain_tcap_linkdefs.cc \
@top_builddir@/common/cmi/src/cmi_ama_ems_linkdefs.cc \
@top_builddir@/common/cmi/src/cmi_ama_sce_linkdefs.cc \
@top_builddir@/common/cmi/src/cmi_app_mo_linkdefs.cc \
@top_builddir@/common/cmi/src/cmi_app_sm_linkdefs.cc \
@top_builddir@/common/cmi/src/cmi_appl_audit_linkdefs.cc \
@top_builddir@/common/cmi/src/cmi_ase_cce_linkdefs.cc \
@top_builddir@/common/cmi/src/cmi_cce_ase_linkdefs.cc \
@top_builddir@/common/cmi/src/cmi_cce_cce_linkdefs.cc \
@top_builddir@/common/cmi/src/cmi_cce_cec_linkdefs.cc \
@top_builddir@/common/cmi/src/cmi_cce_pfm_linkdefs.cc \
@top_builddir@/common/cmi/src/cmi_cce_sce_linkdefs.cc \
@top_builddir@/common/cmi/src/cmi_ccl_ccl_linkdefs.cc \
@top_builddir@/common/cmi/src/cmi_ccl_pmo_linkdefs.cc \
@top_builddir@/common/cmi/src/cmi_ccs_rca_linkdefs.cc \
@top_builddir@/common/cmi/src/cmi_cdr_sce_linkdefs.cc \
@top_builddir@/common/cmi/src/cmi_cec_cec_linkdefs.cc \
@top_builddir@/common/cmi/src/cmi_cec_sce_linkdefs.cc \
@top_builddir@/common/cmi/src/cmi_cgw_ems_linkdefs.cc \
@top_builddir@/common/cmi/src/cmi_clientdebug_clientdebug_linkdefs.cc \
@top_builddir@/common/cmi/src/cmi_clientdebug_server_linkdefs.cc \
@top_builddir@/common/cmi/src/cmi_cta_sce_linkdefs.cc \
@top_builddir@/common/cmi/src/cmi_dca_das_linkdefs.cc \
@top_builddir@/common/cmi/src/cmi_dca_pse_linkdefs.cc \
@top_builddir@/common/cmi/src/cmi_dca_sce_linkdefs.cc \
@top_builddir@/common/cmi/src/cmi_dcl_ne_linkdefs.cc \
@top_builddir@/common/cmi/src/cmi_dcs_dcs_linkdefs.cc \
@top_builddir@/common/cmi/src/cmi_dcs_ne_linkdefs.cc \
@top_builddir@/common/cmi/src/cmi_debug_debug_linkdefs.cc \
@top_builddir@/common/cmi/src/cmi_diagmgr_ne_linkdefs.cc \
@top_builddir@/common/cmi/src/cmi_dse_dsesync_linkdefs.cc \
@top_builddir@/common/cmi/src/cmi_dse_ne_linkdefs.cc \
@top_builddir@/common/cmi/src/cmi_dsesync_dse_linkdefs.cc \
@top_builddir@/common/cmi/src/cmi_ema_ers_linkdefs.cc \
@top_builddir@/common/cmi/src/cmi_ems_ama_linkdefs.cc \
@top_builddir@/common/cmi/src/cmi_ems_cgw_linkdefs.cc \
@top_builddir@/common/cmi/src/cmi_ems_dca_linkdefs.cc \
@top_builddir@/common/cmi/src/cmi_ems_dse_linkdefs.cc \
@top_builddir@/common/cmi/src/cmi_ems_ibcf_linkdefs.cc \
@top_builddir@/common/cmi/src/cmi_ems_lis_linkdefs.cc \
@top_builddir@/common/cmi/src/cmi_ems_lsg_linkdefs.cc \
@top_builddir@/common/cmi/src/cmi_ems_mdtn_linkdefs.cc \
@top_builddir@/common/cmi/src/cmi_ems_mse_linkdefs.cc \
@top_builddir@/common/cmi/src/cmi_ems_ne_linkdefs.cc \
@top_builddir@/common/cmi/src/cmi_ems_nea_linkdefs.cc \
@top_builddir@/common/cmi/src/cmi_ems_racs_linkdefs.cc \
@top_builddir@/common/cmi/src/cmi_error_sce_linkdefs.cc \
@top_builddir@/common/cmi/src/cmi_ers_ema_linkdefs.cc \
@top_builddir@/common/cmi/src/cmi_ica_ss7_linkdefs.cc \
@top_builddir@/common/cmi/src/cmi_ica_ss7maint_linkdefs.cc \
@top_builddir@/common/cmi/src/cmi_ice_sce_linkdefs.cc \
@top_builddir@/common/cmi/src/cmi_inap_tcap_linkdefs.cc \
@top_builddir@/common/cmi/src/cmi_l4app_m3ua_linkdefs.cc \
@top_builddir@/common/cmi/src/cmi_licp_lidap_linkdefs.cc \
@top_builddir@/common/cmi/src/cmi_lidap_licp_linkdefs.cc \
@top_builddir@/common/cmi/src/cmi_lis_ne_linkdefs.cc \
@top_builddir@/common/cmi/src/cmi_m3ua_l4app_linkdefs.cc \
@top_builddir@/common/cmi/src/cmi_mdtn_ems_linkdefs.cc \
@top_builddir@/common/cmi/src/cmi_msc_hlr_linkdefs.cc \
@top_builddir@/common/cmi/src/cmi_msc_msc_linkdefs.cc \
@top_builddir@/common/cmi/src/cmi_nce_cec_linkdefs.cc \
@top_builddir@/common/cmi/src/cmi_ne_ama_linkdefs.cc \
@top_builddir@/common/cmi/src/cmi_ne_dca_linkdefs.cc \
@top_builddir@/common/cmi/src/cmi_ne_dcl_linkdefs.cc \
@top_builddir@/common/cmi/src/cmi_ne_dcs_linkdefs.cc \
@top_builddir@/common/cmi/src/cmi_ne_diagmgr_linkdefs.cc \
@top_builddir@/common/cmi/src/cmi_ne_dse_linkdefs.cc \
@top_builddir@/common/cmi/src/cmi_ne_ems_linkdefs.cc \
@top_builddir@/common/cmi/src/cmi_ne_lis_linkdefs.cc \
@top_builddir@/common/cmi/src/cmi_ne_nea_linkdefs.cc \
@top_builddir@/common/cmi/src/cmi_ne_pse_linkdefs.cc \
@top_builddir@/common/cmi/src/cmi_ne_ras_linkdefs.cc \
@top_builddir@/common/cmi/src/cmi_nea_ems_linkdefs.cc \
@top_builddir@/common/cmi/src/cmi_nea_ne_linkdefs.cc \
@top_builddir@/common/cmi/src/cmi_olm_app_linkdefs.cc \
@top_builddir@/common/cmi/src/cmi_olm_olm_linkdefs.cc \
@top_builddir@/common/cmi/src/cmi_olm_sce_linkdefs.cc \
@top_builddir@/common/cmi/src/cmi_olm_ss7_linkdefs.cc \
@top_builddir@/common/cmi/src/cmi_ospa_ospc_linkdefs.cc \
@top_builddir@/common/cmi/src/cmi_ospc_ospa_linkdefs.cc \
@top_builddir@/common/cmi/src/cmi_peer_peer_linkdefs.cc \
@top_builddir@/common/cmi/src/cmi_pmo_ccl_linkdefs.cc \
@top_builddir@/common/cmi/src/cmi_pse_ne_linkdefs.cc \
@top_builddir@/common/cmi/src/cmi_racs_ems_linkdefs.cc \
@top_builddir@/common/cmi/src/cmi_ras_ne_linkdefs.cc \
@top_builddir@/common/cmi/src/cmi_rca_ccs_linkdefs.cc \
@top_builddir@/common/cmi/src/cmi_rde_sce_linkdefs.cc \
@top_builddir@/common/cmi/src/cmi_rde_tcap_linkdefs.cc \
@top_builddir@/common/cmi/src/cmi_rmo_maint_linkdefs.cc \
@top_builddir@/common/cmi/src/cmi_rmo_status_linkdefs.cc \
@top_builddir@/common/cmi/src/cmi_rtdas_rtdca_linkdefs.cc \
@top_builddir@/common/cmi/src/cmi_rtdca_rtdas_linkdefs.cc \
@top_builddir@/common/cmi/src/cmi_rudp_rudp_linkdefs.cc \
@top_builddir@/common/cmi/src/cmi_rudp_sm_linkdefs.cc \
@top_builddir@/common/cmi/src/cmi_sce_cce_linkdefs.cc \
@top_builddir@/common/cmi/src/cmi_sce_cdr_linkdefs.cc \
@top_builddir@/common/cmi/src/cmi_sce_cec_linkdefs.cc \
@top_builddir@/common/cmi/src/cmi_sce_cta_linkdefs.cc \
@top_builddir@/common/cmi/src/cmi_sce_dca_linkdefs.cc \
@top_builddir@/common/cmi/src/cmi_sce_ice_linkdefs.cc \
@top_builddir@/common/cmi/src/cmi_sce_olm_linkdefs.cc \
@top_builddir@/common/cmi/src/cmi_sce_rde_linkdefs.cc \
@top_builddir@/common/cmi/src/cmi_sce_see_linkdefs.cc \
@top_builddir@/common/cmi/src/cmi_sce_ss7_linkdefs.cc \
@top_builddir@/common/cmi/src/cmi_sce_ss7a_linkdefs.cc \
@top_builddir@/common/cmi/src/cmi_sce_tcap_linkdefs.cc \
@top_builddir@/common/cmi/src/cmi_sctp_sctp_linkdefs.cc \
@top_builddir@/common/cmi/src/cmi_see_cec_linkdefs.cc \
@top_builddir@/common/cmi/src/cmi_see_sce_linkdefs.cc \
@top_builddir@/common/cmi/src/cmi_see_see_linkdefs.cc \
@top_builddir@/common/cmi/src/cmi_see_tpcc_linkdefs.cc \
@top_builddir@/common/cmi/src/cmi_serv_appl_linkdefs.cc \
@top_builddir@/common/cmi/src/cmi_serv_serv_linkdefs.cc \
@top_builddir@/common/cmi/src/cmi_server_clientdebug_linkdefs.cc \
@top_builddir@/common/cmi/src/cmi_sip_sip_linkdefs.cc \
@top_builddir@/common/cmi/src/cmi_sm_app_linkdefs.cc \
@top_builddir@/common/cmi/src/cmi_sm_rudp_linkdefs.cc \
@top_builddir@/common/cmi/src/cmi_spdf_af_linkdefs.cc \
@top_builddir@/common/cmi/src/cmi_ss7_ica_linkdefs.cc \
@top_builddir@/common/cmi/src/cmi_ss7_sce_linkdefs.cc \
@top_builddir@/common/cmi/src/cmi_ss7_ss7_linkdefs.cc \
@top_builddir@/common/cmi/src/cmi_ss7a_sce_linkdefs.cc \
@top_builddir@/common/cmi/src/cmi_ss7maint_ica_linkdefs.cc \
@top_builddir@/common/cmi/src/cmi_ss7mo_ss7mo_linkdefs.cc \
@top_builddir@/common/cmi/src/cmi_sse_sse_linkdefs.cc \
@top_builddir@/common/cmi/src/cmi_tcap_ain_linkdefs.cc \
@top_builddir@/common/cmi/src/cmi_tcap_inap_linkdefs.cc \
@top_builddir@/common/cmi/src/cmi_tcap_rde_linkdefs.cc \
@top_builddir@/common/cmi/src/cmi_tcap_sce_linkdefs.cc \
@top_builddir@/common/cmi/src/cmi_test_test_linkdefs.cc \
@top_builddir@/common/cmi/src/cmi_test1_test2_linkdefs.cc \
@top_builddir@/common/cmi/src/cmi_test2_test3_linkdefs.cc \
@top_builddir@/common/cmi/src/cmi_test3_test1_linkdefs.cc \
@top_builddir@/common/cmi/src/cmi_tpcc_see_linkdefs.cc \
@top_builddir@/common/cmi/src/cmi_tra_trm_linkdefs.cc \
@top_builddir@/common/cmi/src/cmi_trm_tra_linkdefs.cc \
@top_builddir@/common/cmi/src/cmi_ver_ver_linkdefs.cc \

CMP_FILES_CC := \\
@top_builddir@/common/cmi/src/cmp_accesstransport.cc \
@top_builddir@/common/cmi/src/cmp_accountcode.cc \
@top_builddir@/common/cmi/src/cmp_accountcodenpintreatment.cc \
@top_builddir@/common/cmi/src/cmp_accountcodetreatment.cc \
@top_builddir@/common/cmi/src/cmp_accountingrecordtype.cc \
@top_builddir@/common/cmi/src/cmp_activeipaddressset.cc \
@top_builddir@/common/cmi/src/cmp_activityfilter.cc \
@top_builddir@/common/cmi/src/cmp_additionalparty.cc \
@top_builddir@/common/cmi/src/cmp_additionalpartycat.cc \
@top_builddir@/common/cmi/src/cmp_addresscompletetype.cc \
@top_builddir@/common/cmi/src/cmp_adminstate.cc \
@top_builddir@/common/cmi/src/cmp_adminstatearray.cc \
@top_builddir@/common/cmi/src/cmp_ainacgencountered.cc \
@top_builddir@/common/cmi/src/cmp_ainapplyrestrictions.cc \
@top_builddir@/common/cmi/src/cmp_ainbearercapability.cc \
@top_builddir@/common/cmi/src/cmp_ainbusycause.cc \
@top_builddir@/common/cmi/src/cmp_aincarrierformat.cc \
@top_builddir@/common/cmi/src/cmp_aincarrierusage.cc \
@top_builddir@/common/cmi/src/cmp_ainclearcause.cc \
@top_builddir@/common/cmi/src/cmp_ainconnecttime.cc \
@top_builddir@/common/cmi/src/cmp_aincontrolcauseindicator.cc \
@top_builddir@/common/cmi/src/cmp_ainctrconnection.cc \
@top_builddir@/common/cmi/src/cmp_aindetectionpoint.cc \
@top_builddir@/common/cmi/src/cmp_ainevent.cc \
@top_builddir@/common/cmi/src/cmp_ainextensionparameter.cc \
@top_builddir@/common/cmi/src/cmp_ainfailurecause.cc \
@top_builddir@/common/cmi/src/cmp_ainfeaturecodeindicator.cc \
@top_builddir@/common/cmi/src/cmp_aingapduration.cc \
@top_builddir@/common/cmi/src/cmp_aingapinterval.cc \
@top_builddir@/common/cmi/src/cmp_aingenericdigits.cc \
@top_builddir@/common/cmi/src/cmp_aingroupmapping.cc \
@top_builddir@/common/cmi/src/cmp_ainlocalssp.cc \
@top_builddir@/common/cmi/src/cmp_ainprefix.cc \
@top_builddir@/common/cmi/src/cmp_ainresourcetype.cc \
@top_builddir@/common/cmi/src/cmp_ainsap.cc \
@top_builddir@/common/cmi/src/cmp_ainservicecontext.cc \
@top_builddir@/common/cmi/src/cmp_ainserviceproviderid.cc \
@top_builddir@/common/cmi/src/cmp_ainslhr.cc \
@top_builddir@/common/cmi/src/cmp_ainstrconnection.cc \
@top_builddir@/common/cmi/src/cmp_ainstrparameterblock.cc \
@top_builddir@/common/cmi/src/cmp_ainsubscribergroup.cc \
@top_builddir@/common/cmi/src/cmp_ainterminationindicator.cc \
@top_builddir@/common/cmi/src/cmp_aintransactionid.cc \
@top_builddir@/common/cmi/src/cmp_aintriggerfaulthandling.cc \
@top_builddir@/common/cmi/src/cmp_aintriggerinformation.cc \
@top_builddir@/common/cmi/src/cmp_aintriggerqueryrange.cc \
@top_builddir@/common/cmi/src/cmp_aintrunkgroup.cc \
@top_builddir@/common/cmi/src/cmp_ainuserid.cc \
@top_builddir@/common/cmi/src/cmp_ainuserresourcetype.cc \
@top_builddir@/common/cmi/src/cmp_ainvariant.cc \
@top_builddir@/common/cmi/src/cmp_ainversion.cc \
@top_builddir@/common/cmi/src/cmp_alarminfo.cc \
@top_builddir@/common/cmi/src/cmp_alarmstatus.cc \
@top_builddir@/common/cmi/src/cmp_alarmtype.cc \
@top_builddir@/common/cmi/src/cmp_allocationtype.cc \
@top_builddir@/common/cmi/src/cmp_allowedip.cc \
@top_builddir@/common/cmi/src/cmp_amabillingfeature.cc \
@top_builddir@/common/cmi/src/cmp_amameasure.cc \
@top_builddir@/common/cmi/src/cmp_amasequencenumber.cc \
@top_builddir@/common/cmi/src/cmp_amaserviceproviderid.cc \
@top_builddir@/common/cmi/src/cmp_amp1.cc \
@top_builddir@/common/cmi/src/cmp_amp2.cc \
@top_builddir@/common/cmi/src/cmp_aniconfigurationparameters.cc \
@top_builddir@/common/cmi/src/cmp_anncchannelrange.cc \
@top_builddir@/common/cmi/src/cmp_annctrunkgroupconfigurationparameters.cc \
@top_builddir@/common/cmi/src/cmp_announcementblock.cc \
@top_builddir@/common/cmi/src/cmp_announcementid.cc \
@top_builddir@/common/cmi/src/cmp_announcementplantype.cc \
@top_builddir@/common/cmi/src/cmp_announcementsegment.cc \
@top_builddir@/common/cmi/src/cmp_announcementsegmentdescriptor.cc \
@top_builddir@/common/cmi/src/cmp_announcementsequence.cc \
@top_builddir@/common/cmi/src/cmp_announcementsequencemap.cc \
@top_builddir@/common/cmi/src/cmp_announcementtreatment.cc \
@top_builddir@/common/cmi/src/cmp_announcementvariable.cc \
@top_builddir@/common/cmi/src/cmp_answertype.cc \
@top_builddir@/common/cmi/src/cmp_applicationtransportparameter.cc \
@top_builddir@/common/cmi/src/cmp_arraytlv.cc \
@top_builddir@/common/cmi/src/cmp_aspinfo.cc \
@top_builddir@/common/cmi/src/cmp_asprouteinfo.cc \
@top_builddir@/common/cmi/src/cmp_aspsgplinkinfo.cc \
@top_builddir@/common/cmi/src/cmp_aspstatus.cc \
@top_builddir@/common/cmi/src/cmp_asptosgplinkid.cc \
@top_builddir@/common/cmi/src/cmp_associationeventreceived.cc \
@top_builddir@/common/cmi/src/cmp_atmconnectiontype.cc \
@top_builddir@/common/cmi/src/cmp_atpelement.cc \
@top_builddir@/common/cmi/src/cmp_audittag.cc \
@top_builddir@/common/cmi/src/cmp_authbusiness.cc \
@top_builddir@/common/cmi/src/cmp_authbusinessunit.cc \
@top_builddir@/common/cmi/src/cmp_authpersonaltoll.cc \
@top_builddir@/common/cmi/src/cmp_authpersonaltollpin.cc \
@top_builddir@/common/cmi/src/cmp_authservicegroup.cc \
@top_builddir@/common/cmi/src/cmp_authservicegroupaccountcode.cc \
@top_builddir@/common/cmi/src/cmp_authservicegroupinfo.cc \
@top_builddir@/common/cmi/src/cmp_authservicegrouppin.cc \
@top_builddir@/common/cmi/src/cmp_autocongestionlevel.cc \
@top_builddir@/common/cmi/src/cmp_backwardcallind.cc \
@top_builddir@/common/cmi/src/cmp_bearercapability.cc \
@top_builddir@/common/cmi/src/cmp_bearerchannelid.cc \
@top_builddir@/common/cmi/src/cmp_bearermode.cc \
@top_builddir@/common/cmi/src/cmp_bginfo.cc \
@top_builddir@/common/cmi/src/cmp_bginfolist.cc \
@top_builddir@/common/cmi/src/cmp_bgsessionstatistics.cc \
@top_builddir@/common/cmi/src/cmp_bgtermstatistics.cc \
@top_builddir@/common/cmi/src/cmp_bgtoingregrmap.cc \
@top_builddir@/common/cmi/src/cmp_biccinfo.cc \
@top_builddir@/common/cmi/src/cmp_billingindicator.cc \
@top_builddir@/common/cmi/src/cmp_billingstring.cc \
@top_builddir@/common/cmi/src/cmp_billingzone.cc \
@top_builddir@/common/cmi/src/cmp_blacklist.cc \
@top_builddir@/common/cmi/src/cmp_bnapmap.cc \
@top_builddir@/common/cmi/src/cmp_bnapmaptrunkgroup.cc \
@top_builddir@/common/cmi/src/cmp_booleandefaultfalsevalue.cc \
@top_builddir@/common/cmi/src/cmp_booleandefaultfalsevaluearray.cc \
@top_builddir@/common/cmi/src/cmp_booleandefaulttruevalue.cc \
@top_builddir@/common/cmi/src/cmp_booleandefaulttruevaluearray.cc \
@top_builddir@/common/cmi/src/cmp_bordergatewaydata.cc \
@top_builddir@/common/cmi/src/cmp_bordergatewayinfo.cc \
@top_builddir@/common/cmi/src/cmp_bordernetaccesspoint.cc \
@top_builddir@/common/cmi/src/cmp_buffer.cc \
@top_builddir@/common/cmi/src/cmp_bufferptr.cc \
@top_builddir@/common/cmi/src/cmp_buildingblock.cc \
@top_builddir@/common/cmi/src/cmp_businessgroup.cc \
@top_builddir@/common/cmi/src/cmp_bytearrayvalue.cc \
@top_builddir@/common/cmi/src/cmp_byteparam.cc \
@top_builddir@/common/cmi/src/cmp_bytevalue.cc \
@top_builddir@/common/cmi/src/cmp_bytevaluearray.cc \
@top_builddir@/common/cmi/src/cmp_callchargehandling.cc \
@top_builddir@/common/cmi/src/cmp_calldiversioninfo.cc \
@top_builddir@/common/cmi/src/cmp_calledpartyinfo.cc \
@top_builddir@/common/cmi/src/cmp_calleventdata.cc \
@top_builddir@/common/cmi/src/cmp_calleventtype.cc \
@top_builddir@/common/cmi/src/cmp_callinggeodeticlocation.cc \
@top_builddir@/common/cmi/src/cmp_callingpartycategory.cc \
@top_builddir@/common/cmi/src/cmp_callingpartycategoryhandling.cc \
@top_builddir@/common/cmi/src/cmp_callingpartyinfo.cc \
@top_builddir@/common/cmi/src/cmp_callingpartynumberhandling.cc \
@top_builddir@/common/cmi/src/cmp_calllegstatus.cc \
@top_builddir@/common/cmi/src/cmp_calllegstatusarray.cc \
@top_builddir@/common/cmi/src/cmp_calllegtype.cc \
@top_builddir@/common/cmi/src/cmp_callparameters.cc \
@top_builddir@/common/cmi/src/cmp_callreference.cc \
@top_builddir@/common/cmi/src/cmp_callservicetype.cc \
@top_builddir@/common/cmi/src/cmp_calltracetype.cc \
@top_builddir@/common/cmi/src/cmp_calltype.cc \
@top_builddir@/common/cmi/src/cmp_capabilitytype.cc \
@top_builddir@/common/cmi/src/cmp_capextension.cc \
@top_builddir@/common/cmi/src/cmp_capserviceinteractionindicatorstwo.cc \
@top_builddir@/common/cmi/src/cmp_capspecializedresourcereport.cc \
@top_builddir@/common/cmi/src/cmp_cardconfigurationparameters.cc \
@top_builddir@/common/cmi/src/cmp_carriercodesendoptions.cc \
@top_builddir@/common/cmi/src/cmp_carriergrpalarm.cc \
@top_builddir@/common/cmi/src/cmp_carrieridentcode.cc \
@top_builddir@/common/cmi/src/cmp_carrieridentcodeinfo.cc \
@top_builddir@/common/cmi/src/cmp_carrierinfo.cc \
@top_builddir@/common/cmi/src/cmp_carrierinfoxfer.cc \
@top_builddir@/common/cmi/src/cmp_carrierselectioninfo.cc \
@top_builddir@/common/cmi/src/cmp_carriertype.cc \
@top_builddir@/common/cmi/src/cmp_caschannelrange.cc \
@top_builddir@/common/cmi/src/cmp_casdigitanalysisstate.cc \
@top_builddir@/common/cmi/src/cmp_caseidinfo.cc \
@top_builddir@/common/cmi/src/cmp_casfeatureparam.cc \
@top_builddir@/common/cmi/src/cmp_casgatewayparam.cc \
@top_builddir@/common/cmi/src/cmp_casinformationparams.cc \
@top_builddir@/common/cmi/src/cmp_castimers.cc \
@top_builddir@/common/cmi/src/cmp_castreatmenttype.cc \
@top_builddir@/common/cmi/src/cmp_castreatmenttypearray.cc \
@top_builddir@/common/cmi/src/cmp_castrunkgroupconfigurationparameters.cc \
@top_builddir@/common/cmi/src/cmp_causediagnostic.cc \
@top_builddir@/common/cmi/src/cmp_causeind.cc \
@top_builddir@/common/cmi/src/cmp_causevalue.cc \
@top_builddir@/common/cmi/src/cmp_causevaluediag.cc \
@top_builddir@/common/cmi/src/cmp_cce.cc \
@top_builddir@/common/cmi/src/cmp_cceidport.cc \
@top_builddir@/common/cmi/src/cmp_ccepointcodemapconfigrequest.cc \
@top_builddir@/common/cmi/src/cmp_cceprotocol.cc \
@top_builddir@/common/cmi/src/cmp_ccetype.cc \
@top_builddir@/common/cmi/src/cmp_cclpeerstatus.cc \
@top_builddir@/common/cmi/src/cmp_ccsipaddress.cc \
@top_builddir@/common/cmi/src/cmp_ccslinkdefs.cc \
@top_builddir@/common/cmi/src/cmp_cdrdbarchivestatus.cc \
@top_builddir@/common/cmi/src/cmp_cdrmoduletype.cc \
@top_builddir@/common/cmi/src/cmp_cdrshutdowntype.cc \
@top_builddir@/common/cmi/src/cmp_cdrstatus.cc \
@top_builddir@/common/cmi/src/cmp_cecprocessstatus.cc \
@top_builddir@/common/cmi/src/cmp_channelallocation.cc \
@top_builddir@/common/cmi/src/cmp_channelallocationarray.cc \
@top_builddir@/common/cmi/src/cmp_channelauditing.cc \
@top_builddir@/common/cmi/src/cmp_channelclosereason.cc \
@top_builddir@/common/cmi/src/cmp_channelclosetype.cc \
@top_builddir@/common/cmi/src/cmp_channeldirection.cc \
@top_builddir@/common/cmi/src/cmp_channelid.cc \
@top_builddir@/common/cmi/src/cmp_channelmaintenance.cc \
@top_builddir@/common/cmi/src/cmp_channelmaintenancestatus.cc \
@top_builddir@/common/cmi/src/cmp_channelmaintenancestatusarray.cc \
@top_builddir@/common/cmi/src/cmp_channelpreferencetype.cc \
@top_builddir@/common/cmi/src/cmp_channelquerystatus.cc \
@top_builddir@/common/cmi/src/cmp_channelquerystatusarray.cc \
@top_builddir@/common/cmi/src/cmp_channelrange.cc \
@top_builddir@/common/cmi/src/cmp_channelrequestfailurereason.cc \
@top_builddir@/common/cmi/src/cmp_channelstatusqueryrange.cc \
@top_builddir@/common/cmi/src/cmp_channeltype.cc \
@top_builddir@/common/cmi/src/cmp_chargeareainfo.cc \
@top_builddir@/common/cmi/src/cmp_chargeband.cc \
@top_builddir@/common/cmi/src/cmp_chargecontrolindicators.cc \
@top_builddir@/common/cmi/src/cmp_chargeformat.cc \
@top_builddir@/common/cmi/src/cmp_chargehandling.cc \
@top_builddir@/common/cmi/src/cmp_chargeinfo.cc \
@top_builddir@/common/cmi/src/cmp_chargeinfodelay.cc \
@top_builddir@/common/cmi/src/cmp_chargeinfodelayparm.cc \
@top_builddir@/common/cmi/src/cmp_chargeinfotype.cc \
@top_builddir@/common/cmi/src/cmp_chargemessagetype.cc \
@top_builddir@/common/cmi/src/cmp_chargenumber.cc \
@top_builddir@/common/cmi/src/cmp_chargenumberinfo.cc \
@top_builddir@/common/cmi/src/cmp_chargeperiod.cc \
@top_builddir@/common/cmi/src/cmp_chargeplan.cc \
@top_builddir@/common/cmi/src/cmp_chargerateinfo.cc \
@top_builddir@/common/cmi/src/cmp_chargereferenceid.cc \
@top_builddir@/common/cmi/src/cmp_chargetimeband.cc \
@top_builddir@/common/cmi/src/cmp_chargeunittimeinterval.cc \
@top_builddir@/common/cmi/src/cmp_checksumalg.cc \
@top_builddir@/common/cmi/src/cmp_ciccallprocstate.cc \
@top_builddir@/common/cmi/src/cmp_circuitgrpcarriertype.cc \
@top_builddir@/common/cmi/src/cmp_cktgrpsupervision.cc \
@top_builddir@/common/cmi/src/cmp_class5digitanalysisstate.cc \
@top_builddir@/common/cmi/src/cmp_classofservicehandling.cc \
@top_builddir@/common/cmi/src/cmp_clgnumpresentationconfig.cc \
@top_builddir@/common/cmi/src/cmp_clientfeatures.cc \
@top_builddir@/common/cmi/src/cmp_clusterfield.cc \
@top_builddir@/common/cmi/src/cmp_clustermanagerid.cc \
@top_builddir@/common/cmi/src/cmp_clustermanagerrole.cc \
@top_builddir@/common/cmi/src/cmp_codec.cc \
@top_builddir@/common/cmi/src/cmp_codeclisttype.cc \
@top_builddir@/common/cmi/src/cmp_codecnegotiation.cc \
@top_builddir@/common/cmi/src/cmp_codecprioritylist.cc \
@top_builddir@/common/cmi/src/cmp_codecprofile.cc \
@top_builddir@/common/cmi/src/cmp_codecprofilelist.cc \
@top_builddir@/common/cmi/src/cmp_communicationcharge.cc \
@top_builddir@/common/cmi/src/cmp_configurationtype.cc \
@top_builddir@/common/cmi/src/cmp_congestioncontrolmode.cc \
@top_builddir@/common/cmi/src/cmp_connectionmode.cc \
@top_builddir@/common/cmi/src/cmp_connectionstatus.cc \
@top_builddir@/common/cmi/src/cmp_connectiontype.cc \
@top_builddir@/common/cmi/src/cmp_continuitydirection.cc \
@top_builddir@/common/cmi/src/cmp_continuityorigin.cc \
@top_builddir@/common/cmi/src/cmp_continuitytype.cc \
@top_builddir@/common/cmi/src/cmp_correlatedevent.cc \
@top_builddir@/common/cmi/src/cmp_coslistdata.cc \
@top_builddir@/common/cmi/src/cmp_coslistinfo.cc \
@top_builddir@/common/cmi/src/cmp_cotcheckrequirements.cc \
@top_builddir@/common/cmi/src/cmp_countryaddresstype.cc \
@top_builddir@/common/cmi/src/cmp_countrycode.cc \
@top_builddir@/common/cmi/src/cmp_countrycodedata.cc \
@top_builddir@/common/cmi/src/cmp_cpustatus.cc \
@top_builddir@/common/cmi/src/cmp_creditcontrolfailurehandling.cc \
@top_builddir@/common/cmi/src/cmp_criteriaid.cc \
@top_builddir@/common/cmi/src/cmp_criterion.cc \
@top_builddir@/common/cmi/src/cmp_cuginterlockcode.cc \
@top_builddir@/common/cmi/src/cmp_currencytype.cc \
@top_builddir@/common/cmi/src/cmp_cvtfailurereason.cc \
@top_builddir@/common/cmi/src/cmp_dataapplicationcapability.cc \
@top_builddir@/common/cmi/src/cmp_dataapplicationtype.cc \
@top_builddir@/common/cmi/src/cmp_datablob.cc \
@top_builddir@/common/cmi/src/cmp_datauserhandle.cc \
@top_builddir@/common/cmi/src/cmp_dchannellinkparams.cc \
@top_builddir@/common/cmi/src/cmp_dcs.cc \
@top_builddir@/common/cmi/src/cmp_dcsmessagetriggers.cc \
@top_builddir@/common/cmi/src/cmp_debugactivitytype.cc \
@top_builddir@/common/cmi/src/cmp_debugcommand.cc \
@top_builddir@/common/cmi/src/cmp_debugelementtype.cc \
@top_builddir@/common/cmi/src/cmp_debuginfo.cc \
@top_builddir@/common/cmi/src/cmp_debuginternalmoduletype.cc \
@top_builddir@/common/cmi/src/cmp_debugmoduleid.cc \
@top_builddir@/common/cmi/src/cmp_debugmoduletype.cc \
@top_builddir@/common/cmi/src/cmp_degree.cc \
@top_builddir@/common/cmi/src/cmp_deniedip.cc \
@top_builddir@/common/cmi/src/cmp_dftype.cc \
@top_builddir@/common/cmi/src/cmp_diametercharging.cc \
@top_builddir@/common/cmi/src/cmp_digitanalysisstatus.cc \
@top_builddir@/common/cmi/src/cmp_digitdelimiters.cc \
@top_builddir@/common/cmi/src/cmp_digitrule.cc \
@top_builddir@/common/cmi/src/cmp_digitruleassignment.cc \
@top_builddir@/common/cmi/src/cmp_digitruletype.cc \
@top_builddir@/common/cmi/src/cmp_digits.cc \
@top_builddir@/common/cmi/src/cmp_directionindicator.cc \
@top_builddir@/common/cmi/src/cmp_directionindicatorarray.cc \
@top_builddir@/common/cmi/src/cmp_directory.cc \
@top_builddir@/common/cmi/src/cmp_directorydata.cc \
@top_builddir@/common/cmi/src/cmp_directoryinfo.cc \
@top_builddir@/common/cmi/src/cmp_directoryset.cc \
@top_builddir@/common/cmi/src/cmp_directorysetitem.cc \
@top_builddir@/common/cmi/src/cmp_directoryvalue.cc \
@top_builddir@/common/cmi/src/cmp_disconnectflag.cc \
@top_builddir@/common/cmi/src/cmp_displaytext.cc \
@top_builddir@/common/cmi/src/cmp_dnshdr.cc \
@top_builddir@/common/cmi/src/cmp_dnsrspcode.cc \
@top_builddir@/common/cmi/src/cmp_domaintoipmap.cc \
@top_builddir@/common/cmi/src/cmp_domaintoipmaplist.cc \
@top_builddir@/common/cmi/src/cmp_domaintype.cc \
@top_builddir@/common/cmi/src/cmp_dpconverter.cc \
@top_builddir@/common/cmi/src/cmp_dtmfprofile.cc \
@top_builddir@/common/cmi/src/cmp_echodata.cc \
@top_builddir@/common/cmi/src/cmp_elementstatustype.cc \
@top_builddir@/common/cmi/src/cmp_eleminfo.cc \
@top_builddir@/common/cmi/src/cmp_endpointidentity.cc \
@top_builddir@/common/cmi/src/cmp_endpointidentityarray.cc \
@top_builddir@/common/cmi/src/cmp_endpointmaintenance.cc \
@top_builddir@/common/cmi/src/cmp_endpointtype.cc \
@top_builddir@/common/cmi/src/cmp_entity.cc \
@top_builddir@/common/cmi/src/cmp_entitycollection.cc \
@top_builddir@/common/cmi/src/cmp_entitytype.cc \
@top_builddir@/common/cmi/src/cmp_enumuaprofile.cc \
@top_builddir@/common/cmi/src/cmp_epnameflag.cc \
@top_builddir@/common/cmi/src/cmp_errortag.cc \
@top_builddir@/common/cmi/src/cmp_eventcollector.cc \
@top_builddir@/common/cmi/src/cmp_eventindicator.cc \
@top_builddir@/common/cmi/src/cmp_eventreportstatus.cc \
@top_builddir@/common/cmi/src/cmp_eventtime.cc \
@top_builddir@/common/cmi/src/cmp_eventtimewithzone.cc \
@top_builddir@/common/cmi/src/cmp_eventtype.cc \
@top_builddir@/common/cmi/src/cmp_exchangetype.cc \
@top_builddir@/common/cmi/src/cmp_extendedtcapdialogid.cc \
@top_builddir@/common/cmi/src/cmp_externalcallid.cc \
@top_builddir@/common/cmi/src/cmp_extsvctrigger.cc \
@top_builddir@/common/cmi/src/cmp_extsvctype.cc \
@top_builddir@/common/cmi/src/cmp_facilityinfoelement.cc \
@top_builddir@/common/cmi/src/cmp_failedcalls.cc \
@top_builddir@/common/cmi/src/cmp_failoverentity.cc \
@top_builddir@/common/cmi/src/cmp_failoverlegdata.cc \
@top_builddir@/common/cmi/src/cmp_failurereason.cc \
@top_builddir@/common/cmi/src/cmp_featureidinfo.cc \
@top_builddir@/common/cmi/src/cmp_featurestatus.cc \
@top_builddir@/common/cmi/src/cmp_forwardcallind.cc \
@top_builddir@/common/cmi/src/cmp_forwardingdata.cc \
@top_builddir@/common/cmi/src/cmp_forwardingoptions.cc \
@top_builddir@/common/cmi/src/cmp_gatekeeper.cc \
@top_builddir@/common/cmi/src/cmp_gatekeeperdiscoveryoptions.cc \
@top_builddir@/common/cmi/src/cmp_gatewayconfigurationparameters.cc \
@top_builddir@/common/cmi/src/cmp_genericaddressparameter.cc \
@top_builddir@/common/cmi/src/cmp_genericbytearray.cc \
@top_builddir@/common/cmi/src/cmp_genericfailurecause.cc \
@top_builddir@/common/cmi/src/cmp_genericid.cc \
@top_builddir@/common/cmi/src/cmp_genericidarray.cc \
@top_builddir@/common/cmi/src/cmp_genericlongid.cc \
@top_builddir@/common/cmi/src/cmp_genericlongidarray.cc \
@top_builddir@/common/cmi/src/cmp_genericmessagedata.cc \
@top_builddir@/common/cmi/src/cmp_genericname.cc \
@top_builddir@/common/cmi/src/cmp_genericnotification.cc \
@top_builddir@/common/cmi/src/cmp_genericnotificationarray.cc \
@top_builddir@/common/cmi/src/cmp_genericnumberinfo.cc \
@top_builddir@/common/cmi/src/cmp_genericparameter.cc \
@top_builddir@/common/cmi/src/cmp_genericparaminfoelem.cc \
@top_builddir@/common/cmi/src/cmp_genericresourcemaintenancetype.cc \
@top_builddir@/common/cmi/src/cmp_genericresourcestates.cc \
@top_builddir@/common/cmi/src/cmp_genericresourcestatustype.cc \
@top_builddir@/common/cmi/src/cmp_genericresponsestatus.cc \
@top_builddir@/common/cmi/src/cmp_genericresponsestatusarray.cc \
@top_builddir@/common/cmi/src/cmp_genericservicenodedata.cc \
@top_builddir@/common/cmi/src/cmp_genericservicenodeinfo.cc \
@top_builddir@/common/cmi/src/cmp_genericshortid.cc \
@top_builddir@/common/cmi/src/cmp_genericshortidarray.cc \
@top_builddir@/common/cmi/src/cmp_genericstring.cc \
@top_builddir@/common/cmi/src/cmp_genericstringid.cc \
@top_builddir@/common/cmi/src/cmp_genericstringidarray.cc \
@top_builddir@/common/cmi/src/cmp_glareresolution.cc \
@top_builddir@/common/cmi/src/cmp_globalcallid.cc \
@top_builddir@/common/cmi/src/cmp_globalcallidarray.cc \
@top_builddir@/common/cmi/src/cmp_gtaddressinfo.cc \
@top_builddir@/common/cmi/src/cmp_gtsourcecode.cc \
@top_builddir@/common/cmi/src/cmp_gttranslationtype.cc \
@top_builddir@/common/cmi/src/cmp_h245timers.cc \
@top_builddir@/common/cmi/src/cmp_h323localgateway.cc \
@top_builddir@/common/cmi/src/cmp_h323q931timers.cc \
@top_builddir@/common/cmi/src/cmp_h323rastimers.cc \
@top_builddir@/common/cmi/src/cmp_hachangetype.cc \
@top_builddir@/common/cmi/src/cmp_hanodetype.cc \
@top_builddir@/common/cmi/src/cmp_harespstatus.cc \
@top_builddir@/common/cmi/src/cmp_highlayercompatibility.cc \
@top_builddir@/common/cmi/src/cmp_hopcounter.cc \
@top_builddir@/common/cmi/src/cmp_icealiasparams.cc \
@top_builddir@/common/cmi/src/cmp_icecallmodel.cc \
@top_builddir@/common/cmi/src/cmp_iceendpointtype.cc \
@top_builddir@/common/cmi/src/cmp_icerasreason.cc \
@top_builddir@/common/cmi/src/cmp_icereasontype.cc \
@top_builddir@/common/cmi/src/cmp_icesubtype.cc \
@top_builddir@/common/cmi/src/cmp_icesubtypearray.cc \
@top_builddir@/common/cmi/src/cmp_icevendorinfo.cc \
@top_builddir@/common/cmi/src/cmp_idmap.cc \
@top_builddir@/common/cmi/src/cmp_idtypevalue.cc \
@top_builddir@/common/cmi/src/cmp_inapaddressandservice.cc \
@top_builddir@/common/cmi/src/cmp_inapalertingpattern.cc \
@top_builddir@/common/cmi/src/cmp_inapbackwardgvns.cc \
@top_builddir@/common/cmi/src/cmp_inapbcsmevent.cc \
@top_builddir@/common/cmi/src/cmp_inapbearercapability.cc \
@top_builddir@/common/cmi/src/cmp_inapcallingpartysubaddress.cc \
@top_builddir@/common/cmi/src/cmp_inapcanceloption.cc \
@top_builddir@/common/cmi/src/cmp_inapcarrier.cc \
@top_builddir@/common/cmi/src/cmp_inapcgencountered.cc \
@top_builddir@/common/cmi/src/cmp_inapcollectedinfo.cc \
@top_builddir@/common/cmi/src/cmp_inapcomponenttype.cc \
@top_builddir@/common/cmi/src/cmp_inapconnectedparty.cc \
@top_builddir@/common/cmi/src/cmp_inapcorrelationid.cc \
@top_builddir@/common/cmi/src/cmp_inapcounteridvalue.cc \
@top_builddir@/common/cmi/src/cmp_inapcountersvalue.cc \
@top_builddir@/common/cmi/src/cmp_inaperrorargs.cc \
@top_builddir@/common/cmi/src/cmp_inaperrortype.cc \
@top_builddir@/common/cmi/src/cmp_inapeventspecificinfobcsm.cc \
@top_builddir@/common/cmi/src/cmp_inapeventtypebcsm.cc \
@top_builddir@/common/cmi/src/cmp_inapfilteredcalltreatment.cc \
@top_builddir@/common/cmi/src/cmp_inapfilteringcriteria.cc \
@top_builddir@/common/cmi/src/cmp_inapfilteringtype.cc \
@top_builddir@/common/cmi/src/cmp_inapforwardgvns.cc \
@top_builddir@/common/cmi/src/cmp_inapforwardingcondition.cc \
@top_builddir@/common/cmi/src/cmp_inapgaptreatmenttype.cc \
@top_builddir@/common/cmi/src/cmp_inaphighlayercompatibility.cc \
@top_builddir@/common/cmi/src/cmp_inapinbandinfo.cc \
@top_builddir@/common/cmi/src/cmp_inapinformationtosend.cc \
@top_builddir@/common/cmi/src/cmp_inaplegid.cc \
@top_builddir@/common/cmi/src/cmp_inapmessageid.cc \
@top_builddir@/common/cmi/src/cmp_inapmessagetype.cc \
@top_builddir@/common/cmi/src/cmp_inapmidcallcontrolinfo.cc \
@top_builddir@/common/cmi/src/cmp_inapmisccallinfo.cc \
@top_builddir@/common/cmi/src/cmp_inapmonitormode.cc \
@top_builddir@/common/cmi/src/cmp_inapreceivedinformation.cc \
@top_builddir@/common/cmi/src/cmp_inapreleasecalloption.cc \
@top_builddir@/common/cmi/src/cmp_inaprequestinformation.cc \
@top_builddir@/common/cmi/src/cmp_inaprequestinformationlist.cc \
@top_builddir@/common/cmi/src/cmp_inaprequestinformationtype.cc \
@top_builddir@/common/cmi/src/cmp_inaprequestinformationtypelist.cc \
@top_builddir@/common/cmi/src/cmp_inapresourceaddress.cc \
@top_builddir@/common/cmi/src/cmp_inapresponsecondition.cc \
@top_builddir@/common/cmi/src/cmp_inapserviceinteractionindicators.cc \
@top_builddir@/common/cmi/src/cmp_inapterminaltype.cc \
@top_builddir@/common/cmi/src/cmp_inaptimerid.cc \
@top_builddir@/common/cmi/src/cmp_inaptone.cc \
@top_builddir@/common/cmi/src/cmp_inaptriggertype.cc \
@top_builddir@/common/cmi/src/cmp_inapupdatecallinfotype.cc \
@top_builddir@/common/cmi/src/cmp_inapvariablepart.cc \
@top_builddir@/common/cmi/src/cmp_incomingrouteidentification.cc \
@top_builddir@/common/cmi/src/cmp_inforequestindicator.cc \
@top_builddir@/common/cmi/src/cmp_inforesponseindicator.cc \
@top_builddir@/common/cmi/src/cmp_ingregripdomainbgmapdata.cc \
@top_builddir@/common/cmi/src/cmp_ingregripdomainmapdata.cc \
@top_builddir@/common/cmi/src/cmp_ingregrtgcdecxtgwdata.cc \
@top_builddir@/common/cmi/src/cmp_ingregrtgforcdecxdata.cc \
@top_builddir@/common/cmi/src/cmp_inoperationcode.cc \
@top_builddir@/common/cmi/src/cmp_inservicetype.cc \
@top_builddir@/common/cmi/src/cmp_inservicetypearray.cc \
@top_builddir@/common/cmi/src/cmp_internalcausecode.cc \
@top_builddir@/common/cmi/src/cmp_interworkingindicator.cc \
@top_builddir@/common/cmi/src/cmp_invokeservicetreatment.cc \
@top_builddir@/common/cmi/src/cmp_ipaddress.cc \
@top_builddir@/common/cmi/src/cmp_ipaddrpair.cc \
@top_builddir@/common/cmi/src/cmp_ipcallmodel.cc \
@top_builddir@/common/cmi/src/cmp_ipdomainbgmapinfo.cc \
@top_builddir@/common/cmi/src/cmp_ipdomaindata.cc \
@top_builddir@/common/cmi/src/cmp_ipdomaininfo.cc \
@top_builddir@/common/cmi/src/cmp_ipprovisionalparams.cc \
@top_builddir@/common/cmi/src/cmp_iptglgwassociation.cc \
@top_builddir@/common/cmi/src/cmp_iptgproxyassociation.cc \
@top_builddir@/common/cmi/src/cmp_iptgproxychoice.cc \
@top_builddir@/common/cmi/src/cmp_iptrunkgroup.cc \
@top_builddir@/common/cmi/src/cmp_iptrunkgroupmaintenance.cc \
@top_builddir@/common/cmi/src/cmp_isdnindicator.cc \
@top_builddir@/common/cmi/src/cmp_isupchannelrange.cc \
@top_builddir@/common/cmi/src/cmp_isupindicator.cc \
@top_builddir@/common/cmi/src/cmp_isuptimerconfigparams.cc \
@top_builddir@/common/cmi/src/cmp_isuptimerconfigparamsetsi.cc \
@top_builddir@/common/cmi/src/cmp_isuptrunkgroupconfigurationparameters.cc \
@top_builddir@/common/cmi/src/cmp_jurisdictionparam.cc \
@top_builddir@/common/cmi/src/cmp_kpdigitencoding.cc \
@top_builddir@/common/cmi/src/cmp_latainfo.cc \
@top_builddir@/common/cmi/src/cmp_lawfulintercepttaggedinfo.cc \
@top_builddir@/common/cmi/src/cmp_lgwtype.cc \
@top_builddir@/common/cmi/src/cmp_linkerror.cc \
@top_builddir@/common/cmi/src/cmp_liresultcode.cc \
@top_builddir@/common/cmi/src/cmp_listofaingenericdigits.cc \
@top_builddir@/common/cmi/src/cmp_listofaingroupmapping.cc \
@top_builddir@/common/cmi/src/cmp_listofainlocalssp.cc \
@top_builddir@/common/cmi/src/cmp_listofainslhr.cc \
@top_builddir@/common/cmi/src/cmp_listofainsubscribergroup.cc \
@top_builddir@/common/cmi/src/cmp_listofallowedip.cc \
@top_builddir@/common/cmi/src/cmp_listofannouncement.cc \
@top_builddir@/common/cmi/src/cmp_listofapplicationtransportparameter.cc \
@top_builddir@/common/cmi/src/cmp_listofaspinfo.cc \
@top_builddir@/common/cmi/src/cmp_listofasprouteinfo.cc \
@top_builddir@/common/cmi/src/cmp_listofaspsgplinkinfo.cc \
@top_builddir@/common/cmi/src/cmp_listofaspstatus.cc \
@top_builddir@/common/cmi/src/cmp_listofauthbusiness.cc \
@top_builddir@/common/cmi/src/cmp_listofauthbusinessunit.cc \
@top_builddir@/common/cmi/src/cmp_listofauthpersonaltoll.cc \
@top_builddir@/common/cmi/src/cmp_listofauthpersonaltollpin.cc \
@top_builddir@/common/cmi/src/cmp_listofauthservicegroup.cc \
@top_builddir@/common/cmi/src/cmp_listofauthservicegroupaccountcode.cc \
@top_builddir@/common/cmi/src/cmp_listofauthservicegroupinfo.cc \
@top_builddir@/common/cmi/src/cmp_listofauthservicegrouppin.cc \
@top_builddir@/common/cmi/src/cmp_listofbearercapability.cc \
@top_builddir@/common/cmi/src/cmp_listofbginfolist.cc \
@top_builddir@/common/cmi/src/cmp_listofblacklist.cc \
@top_builddir@/common/cmi/src/cmp_listofbnapmap.cc \
@top_builddir@/common/cmi/src/cmp_listofbnapmaptrunkgroup.cc \
@top_builddir@/common/cmi/src/cmp_listofbordergatewaydata.cc \
@top_builddir@/common/cmi/src/cmp_listofbordergatewayinfo.cc \
@top_builddir@/common/cmi/src/cmp_listofbordernetaccesspoint.cc \
@top_builddir@/common/cmi/src/cmp_listofbytearrayvalue.cc \
@top_builddir@/common/cmi/src/cmp_listofcalledpartyinfo.cc \
@top_builddir@/common/cmi/src/cmp_listofcalllegdata.cc \
@top_builddir@/common/cmi/src/cmp_listofcapextensions.cc \
@top_builddir@/common/cmi/src/cmp_listofcarrierinfo.cc \
@top_builddir@/common/cmi/src/cmp_listofcceidport.cc \
@top_builddir@/common/cmi/src/cmp_listofchargeband.cc \
@top_builddir@/common/cmi/src/cmp_listofchargeplan.cc \
@top_builddir@/common/cmi/src/cmp_listofchargetimeband.cc \
@top_builddir@/common/cmi/src/cmp_listofclientfeatures.cc \
@top_builddir@/common/cmi/src/cmp_listofcorrelatedevent.cc \
@top_builddir@/common/cmi/src/cmp_listofcoslistdata.cc \
@top_builddir@/common/cmi/src/cmp_listofcoslistinfo.cc \
@top_builddir@/common/cmi/src/cmp_listofcountrycodedata.cc \
@top_builddir@/common/cmi/src/cmp_listofcriteria.cc \
@top_builddir@/common/cmi/src/cmp_listofdcs.cc \
@top_builddir@/common/cmi/src/cmp_listofdeliveryfunctions.cc \
@top_builddir@/common/cmi/src/cmp_listofdeniedip.cc \
@top_builddir@/common/cmi/src/cmp_listofdigitrule.cc \
@top_builddir@/common/cmi/src/cmp_listofdirectory.cc \
@top_builddir@/common/cmi/src/cmp_listofdirectorydata.cc \
@top_builddir@/common/cmi/src/cmp_listofdirectoryinfo.cc \
@top_builddir@/common/cmi/src/cmp_listofdirectoryset.cc \
@top_builddir@/common/cmi/src/cmp_listofdirectorysetitem.cc \
@top_builddir@/common/cmi/src/cmp_listofdlinkchannel.cc \
@top_builddir@/common/cmi/src/cmp_listofdnshdrs.cc \
@top_builddir@/common/cmi/src/cmp_listofdtmfprofile.cc \
@top_builddir@/common/cmi/src/cmp_listofentity.cc \
@top_builddir@/common/cmi/src/cmp_listofeventcollector.cc \
@top_builddir@/common/cmi/src/cmp_listofextsvctrigger.cc \
@top_builddir@/common/cmi/src/cmp_listoffailoverentity.cc \
@top_builddir@/common/cmi/src/cmp_listofgatekeeper.cc \
@top_builddir@/common/cmi/src/cmp_listofgenericaddressparameter.cc \
@top_builddir@/common/cmi/src/cmp_listofgenericbytearray.cc \
@top_builddir@/common/cmi/src/cmp_listofgenericid.cc \
@top_builddir@/common/cmi/src/cmp_listofgenericnumberinfo.cc \
@top_builddir@/common/cmi/src/cmp_listofgenericparameter.cc \
@top_builddir@/common/cmi/src/cmp_listofgenericservicenodedata.cc \
@top_builddir@/common/cmi/src/cmp_listofgenericservicenodeinfo.cc \
@top_builddir@/common/cmi/src/cmp_listofglobaltitleaddressinfo.cc \
@top_builddir@/common/cmi/src/cmp_listofh323localgateway.cc \
@top_builddir@/common/cmi/src/cmp_listoficealiasparams.cc \
@top_builddir@/common/cmi/src/cmp_listofidtypevalue.cc \
@top_builddir@/common/cmi/src/cmp_listofinapbcsmevent.cc \
@top_builddir@/common/cmi/src/cmp_listofingregripdomainbgmapdata.cc \
@top_builddir@/common/cmi/src/cmp_listofingregripdomainmapdata.cc \
@top_builddir@/common/cmi/src/cmp_listofingregrtgcdecxtgwdata.cc \
@top_builddir@/common/cmi/src/cmp_listofingregrtgforcdecxdata.cc \
@top_builddir@/common/cmi/src/cmp_listofipaddress.cc \
@top_builddir@/common/cmi/src/cmp_listofipdomainbgmapinfo.cc \
@top_builddir@/common/cmi/src/cmp_listofipdomaindata.cc \
@top_builddir@/common/cmi/src/cmp_listofipdomaininfo.cc \
@top_builddir@/common/cmi/src/cmp_listofippair.cc \
@top_builddir@/common/cmi/src/cmp_listofiptglgwassociation.cc \
@top_builddir@/common/cmi/src/cmp_listofiptgproxyassociation.cc \
@top_builddir@/common/cmi/src/cmp_listofiptrunkgroup.cc \
@top_builddir@/common/cmi/src/cmp_listoflatainfo.cc \
@top_builddir@/common/cmi/src/cmp_listoflitrunkgroup.cc \
@top_builddir@/common/cmi/src/cmp_listofmatrixdata.cc \
@top_builddir@/common/cmi/src/cmp_listofmatrixinfo.cc \
@top_builddir@/common/cmi/src/cmp_listofmeasurementset.cc \
@top_builddir@/common/cmi/src/cmp_listofmediacapabilityinfo.cc \
@top_builddir@/common/cmi/src/cmp_listofmediachannelinfo.cc \
@top_builddir@/common/cmi/src/cmp_listofmediationdevice.cc \
@top_builddir@/common/cmi/src/cmp_listofmediationdeviceregion.cc \
@top_builddir@/common/cmi/src/cmp_listofmessagecompatibility.cc \
@top_builddir@/common/cmi/src/cmp_listofmgeventtype.cc \
@top_builddir@/common/cmi/src/cmp_listofnamevaluepair.cc \
@top_builddir@/common/cmi/src/cmp_listofne.cc \
@top_builddir@/common/cmi/src/cmp_listofneagentinfo.cc \
@top_builddir@/common/cmi/src/cmp_listofnestatus.cc \
@top_builddir@/common/cmi/src/cmp_listofnetodomainmap.cc \
@top_builddir@/common/cmi/src/cmp_listofnetonemap.cc \
@top_builddir@/common/cmi/src/cmp_listofnumberblock.cc \
@top_builddir@/common/cmi/src/cmp_listofnumberprefix.cc \
@top_builddir@/common/cmi/src/cmp_listofnumbertranslation.cc \
@top_builddir@/common/cmi/src/cmp_listofnumbertranslationmap.cc \
@top_builddir@/common/cmi/src/cmp_listofobjectcollectioninfo.cc \
@top_builddir@/common/cmi/src/cmp_listofobjectinstance.cc \
@top_builddir@/common/cmi/src/cmp_listofofficecode.cc \
@top_builddir@/common/cmi/src/cmp_listofoptionaldata.cc \
@top_builddir@/common/cmi/src/cmp_listofosplocalgateway.cc \
@top_builddir@/common/cmi/src/cmp_listofospserverinfo.cc \
@top_builddir@/common/cmi/src/cmp_listofparametercompatibility.cc \
@top_builddir@/common/cmi/src/cmp_listofpcainfo.cc \
@top_builddir@/common/cmi/src/cmp_listofpegmetric.cc \
@top_builddir@/common/cmi/src/cmp_listofpegmetricparam.cc \
@top_builddir@/common/cmi/src/cmp_listofpegmetricparamdata.cc \
@top_builddir@/common/cmi/src/cmp_listofpegtrunkgroup.cc \
@top_builddir@/common/cmi/src/cmp_listofplangroupmapping.cc \
@top_builddir@/common/cmi/src/cmp_listofplantypesetup.cc \
@top_builddir@/common/cmi/src/cmp_listofplantypetoplanmapping.cc \
@top_builddir@/common/cmi/src/cmp_listofpointcodes.cc \
@top_builddir@/common/cmi/src/cmp_listofpointcodestatus.cc \
@top_builddir@/common/cmi/src/cmp_listofpointcodesubsystemnumber.cc \
@top_builddir@/common/cmi/src/cmp_listofpolicynode.cc \
@top_builddir@/common/cmi/src/cmp_listofpoolednumber.cc \
@top_builddir@/common/cmi/src/cmp_listofpreferredcodec.cc \
@top_builddir@/common/cmi/src/cmp_listofprioritymap.cc \
@top_builddir@/common/cmi/src/cmp_listofqosmetrics.cc \
@top_builddir@/common/cmi/src/cmp_listofradata.cc \
@top_builddir@/common/cmi/src/cmp_listofrangestatus.cc \
@top_builddir@/common/cmi/src/cmp_listofrealtimemetrics.cc \
@top_builddir@/common/cmi/src/cmp_listofremoteproxy.cc \
@top_builddir@/common/cmi/src/cmp_listofroutelistdata.cc \
@top_builddir@/common/cmi/src/cmp_listofroutelistinfo.cc \
@top_builddir@/common/cmi/src/cmp_listofroutingblocks.cc \
@top_builddir@/common/cmi/src/cmp_listofroutingendpointdata.cc \
@top_builddir@/common/cmi/src/cmp_listofroutingendpointinfo.cc \
@top_builddir@/common/cmi/src/cmp_listofroutingfeature.cc \
@top_builddir@/common/cmi/src/cmp_listofroutingkeyinfo.cc \
@top_builddir@/common/cmi/src/cmp_listofroutingplan.cc \
@top_builddir@/common/cmi/src/cmp_listofroutingpolicy.cc \
@top_builddir@/common/cmi/src/cmp_listofrtneinfo.cc \
@top_builddir@/common/cmi/src/cmp_listofrulenodedata.cc \
@top_builddir@/common/cmi/src/cmp_listofsadata.cc \
@top_builddir@/common/cmi/src/cmp_listofsccprouteinfo.cc \
@top_builddir@/common/cmi/src/cmp_listofscreeningnumber.cc \
@top_builddir@/common/cmi/src/cmp_listofsecurityprofiledata.cc \
@top_builddir@/common/cmi/src/cmp_listofsecurityprofiledatalist.cc \
@top_builddir@/common/cmi/src/cmp_listofseeannouncementconfiguration.cc \
@top_builddir@/common/cmi/src/cmp_listofservicemap.cc \
@top_builddir@/common/cmi/src/cmp_listofservicenodedata.cc \
@top_builddir@/common/cmi/src/cmp_listofservicenodeinfo.cc \
@top_builddir@/common/cmi/src/cmp_listofservicetriggers.cc \
@top_builddir@/common/cmi/src/cmp_listofsgpinfo.cc \
@top_builddir@/common/cmi/src/cmp_listofsignalingelements.cc \
@top_builddir@/common/cmi/src/cmp_listofsiphdrs.cc \
@top_builddir@/common/cmi/src/cmp_listofsiplocalgateway.cc \
@top_builddir@/common/cmi/src/cmp_listofsipprofilerrule.cc \
@top_builddir@/common/cmi/src/cmp_listofspicetrunkgroup.cc \
@top_builddir@/common/cmi/src/cmp_listofss7servicenode.cc \
@top_builddir@/common/cmi/src/cmp_listofstringlist.cc \
@top_builddir@/common/cmi/src/cmp_listofstringmap.cc \
@top_builddir@/common/cmi/src/cmp_listofstringvalue.cc \
@top_builddir@/common/cmi/src/cmp_listofterminationinfo.cc \
@top_builddir@/common/cmi/src/cmp_listoftglgwmap.cc \
@top_builddir@/common/cmi/src/cmp_listoftgwcdecdata.cc \
@top_builddir@/common/cmi/src/cmp_listoftracecriterion.cc \
@top_builddir@/common/cmi/src/cmp_listoftransportaddress.cc \
@top_builddir@/common/cmi/src/cmp_listoftreatmentnodedata.cc \
@top_builddir@/common/cmi/src/cmp_listoftreatmenttype.cc \
@top_builddir@/common/cmi/src/cmp_listoftrunkgroupmetrics.cc \
@top_builddir@/common/cmi/src/cmp_listoftunneledprotocol.cc \
@top_builddir@/common/cmi/src/cmp_listofvariablename.cc \
@top_builddir@/common/cmi/src/cmp_listofversionbaseprotocol.cc \
@top_builddir@/common/cmi/src/cmp_listofvsapdata.cc \
@top_builddir@/common/cmi/src/cmp_listofvsapraassociation.cc \
@top_builddir@/common/cmi/src/cmp_listofvsapsaassociation.cc \
@top_builddir@/common/cmi/src/cmp_litrunkgroup.cc \
@top_builddir@/common/cmi/src/cmp_localcallid.cc \
@top_builddir@/common/cmi/src/cmp_localcallidarray.cc \
@top_builddir@/common/cmi/src/cmp_localgatewaymaintenance.cc \
@top_builddir@/common/cmi/src/cmp_localmaintenancetype.cc \
@top_builddir@/common/cmi/src/cmp_localmaintenancetypearray.cc \
@top_builddir@/common/cmi/src/cmp_localroutingnumber.cc \
@top_builddir@/common/cmi/src/cmp_lowlayercompatibility.cc \
@top_builddir@/common/cmi/src/cmp_m3uaerrorcode.cc \
@top_builddir@/common/cmi/src/cmp_maintenanceobjecttype.cc \
@top_builddir@/common/cmi/src/cmp_maintenancescope.cc \
@top_builddir@/common/cmi/src/cmp_majorerror.cc \
@top_builddir@/common/cmi/src/cmp_mapalertingpattern.cc \
@top_builddir@/common/cmi/src/cmp_mapbasicservice.cc \
@top_builddir@/common/cmi/src/cmp_mapinterrogationtype.cc \
@top_builddir@/common/cmi/src/cmp_matrixcolumn.cc \
@top_builddir@/common/cmi/src/cmp_matrixcolumnset.cc \
@top_builddir@/common/cmi/src/cmp_matrixdata.cc \
@top_builddir@/common/cmi/src/cmp_matrixinfo.cc \
@top_builddir@/common/cmi/src/cmp_measurementset.cc \
@top_builddir@/common/cmi/src/cmp_mediacapabilityinfo.cc \
@top_builddir@/common/cmi/src/cmp_mediachannelinfo.cc \
@top_builddir@/common/cmi/src/cmp_mediaconfiguration.cc \
@top_builddir@/common/cmi/src/cmp_mediagatewayalarmtype.cc \
@top_builddir@/common/cmi/src/cmp_mediagatewaylocalconnectionoption.cc \
@top_builddir@/common/cmi/src/cmp_mediagatewaymaintenancemode.cc \
@top_builddir@/common/cmi/src/cmp_mediagatewayprotocol.cc \
@top_builddir@/common/cmi/src/cmp_mediagatewayprotocolarray.cc \
@top_builddir@/common/cmi/src/cmp_mediagatewaytype.cc \
@top_builddir@/common/cmi/src/cmp_mediagatewaytypearray.cc \
@top_builddir@/common/cmi/src/cmp_mediaparamlistaction.cc \
@top_builddir@/common/cmi/src/cmp_mediaparamlistinfo.cc \
@top_builddir@/common/cmi/src/cmp_mediaparamlisttype.cc \
@top_builddir@/common/cmi/src/cmp_mediaproperty.cc \
@top_builddir@/common/cmi/src/cmp_mediationdevice.cc \
@top_builddir@/common/cmi/src/cmp_mediationdeviceinfo.cc \
@top_builddir@/common/cmi/src/cmp_mediationdeviceinfolist.cc \
@top_builddir@/common/cmi/src/cmp_mediationdeviceregion.cc \
@top_builddir@/common/cmi/src/cmp_mediationdevicevendor.cc \
@top_builddir@/common/cmi/src/cmp_memmaptype.cc \
@top_builddir@/common/cmi/src/cmp_memorystatus.cc \
@top_builddir@/common/cmi/src/cmp_messagecmiformat.cc \
@top_builddir@/common/cmi/src/cmp_messagecodertype.cc \
@top_builddir@/common/cmi/src/cmp_messagecodingformat.cc \
@top_builddir@/common/cmi/src/cmp_messagecompatibility.cc \
@top_builddir@/common/cmi/src/cmp_messageruletype.cc \
@top_builddir@/common/cmi/src/cmp_mgcpresponsestatus.cc \
@top_builddir@/common/cmi/src/cmp_mgeventtype.cc \
@top_builddir@/common/cmi/src/cmp_mlpp.cc \
@top_builddir@/common/cmi/src/cmp_mmlcmdresponse.cc \
@top_builddir@/common/cmi/src/cmp_mmlcmdresponsearray.cc \
@top_builddir@/common/cmi/src/cmp_mmlexperrorcode.cc \
@top_builddir@/common/cmi/src/cmp_mmlfilecopyinfo.cc \
@top_builddir@/common/cmi/src/cmp_mmlrequestcmd.cc \
@top_builddir@/common/cmi/src/cmp_mmlrequestcmdarray.cc \
@top_builddir@/common/cmi/src/cmp_mnpstatus.cc \
@top_builddir@/common/cmi/src/cmp_modedescription.cc \
@top_builddir@/common/cmi/src/cmp_moduletype.cc \
@top_builddir@/common/cmi/src/cmp_namevaluepair.cc \
@top_builddir@/common/cmi/src/cmp_nasreasoncode.cc \
@top_builddir@/common/cmi/src/cmp_nationalfci.cc \
@top_builddir@/common/cmi/src/cmp_nattraversaloption.cc \
@top_builddir@/common/cmi/src/cmp_natureofconnection.cc \
@top_builddir@/common/cmi/src/cmp_ne.cc \
@top_builddir@/common/cmi/src/cmp_neagentinfo.cc \
@top_builddir@/common/cmi/src/cmp_neassociationarray.cc \
@top_builddir@/common/cmi/src/cmp_neinfo.cc \
@top_builddir@/common/cmi/src/cmp_neipaddressinfo.cc \
@top_builddir@/common/cmi/src/cmp_nestatus.cc \
@top_builddir@/common/cmi/src/cmp_netodomainmap.cc \
@top_builddir@/common/cmi/src/cmp_netonemap.cc \
@top_builddir@/common/cmi/src/cmp_networkelementevent.cc \
@top_builddir@/common/cmi/src/cmp_networkelementtype.cc \
@top_builddir@/common/cmi/src/cmp_networkelementtypearray.cc \
@top_builddir@/common/cmi/src/cmp_networkentity.cc \
@top_builddir@/common/cmi/src/cmp_networkspecificfacilities.cc \
@top_builddir@/common/cmi/src/cmp_notificationevents.cc \
@top_builddir@/common/cmi/src/cmp_notificationindicator.cc \
@top_builddir@/common/cmi/src/cmp_notifiedentity.cc \
@top_builddir@/common/cmi/src/cmp_nttcarrierinfo.cc \
@top_builddir@/common/cmi/src/cmp_numberblock.cc \
@top_builddir@/common/cmi/src/cmp_numberprefix.cc \
@top_builddir@/common/cmi/src/cmp_numbertranslation.cc \
@top_builddir@/common/cmi/src/cmp_numbertranslationmap.cc \
@top_builddir@/common/cmi/src/cmp_objectcollectioninfo.cc \
@top_builddir@/common/cmi/src/cmp_objectinstance.cc \
@top_builddir@/common/cmi/src/cmp_odnhandling.cc \
@top_builddir@/common/cmi/src/cmp_officecode.cc \
@top_builddir@/common/cmi/src/cmp_operationalstate.cc \
@top_builddir@/common/cmi/src/cmp_operationtype.cc \
@top_builddir@/common/cmi/src/cmp_optbackwardcallind.cc \
@top_builddir@/common/cmi/src/cmp_optforwardcallind.cc \
@top_builddir@/common/cmi/src/cmp_optionaldigitruleid.cc \
@top_builddir@/common/cmi/src/cmp_origlineinfo.cc \
@top_builddir@/common/cmi/src/cmp_ospclientassociationinfo.cc \
@top_builddir@/common/cmi/src/cmp_ospclientinfo.cc \
@top_builddir@/common/cmi/src/cmp_ospenabled.cc \
@top_builddir@/common/cmi/src/cmp_osplocalgateway.cc \
@top_builddir@/common/cmi/src/cmp_osplocalproxy.cc \
@top_builddir@/common/cmi/src/cmp_ospserverinfo.cc \
@top_builddir@/common/cmi/src/cmp_osptreatment.cc \
@top_builddir@/common/cmi/src/cmp_outgoingrouteidentification.cc \
@top_builddir@/common/cmi/src/cmp_packetizationperiod.cc \
@top_builddir@/common/cmi/src/cmp_packetseqnum.cc \
@top_builddir@/common/cmi/src/cmp_parametercompatibility.cc \
@top_builddir@/common/cmi/src/cmp_parametertype.cc \
@top_builddir@/common/cmi/src/cmp_paramhandling.cc \
@top_builddir@/common/cmi/src/cmp_partialcli.cc \
@top_builddir@/common/cmi/src/cmp_passivelegtreatment.cc \
@top_builddir@/common/cmi/src/cmp_pcainfo.cc \
@top_builddir@/common/cmi/src/cmp_pchargingvectorinfo.cc \
@top_builddir@/common/cmi/src/cmp_pegmetric.cc \
@top_builddir@/common/cmi/src/cmp_pegmetricparam.cc \
@top_builddir@/common/cmi/src/cmp_pegmetricparamdata.cc \
@top_builddir@/common/cmi/src/cmp_pegtrunkgroup.cc \
@top_builddir@/common/cmi/src/cmp_persistentdatastatus.cc \
@top_builddir@/common/cmi/src/cmp_phonenumbertype.cc \
@top_builddir@/common/cmi/src/cmp_phonerange.cc \
@top_builddir@/common/cmi/src/cmp_physicalchannelid.cc \
@top_builddir@/common/cmi/src/cmp_physicalchannelidarray.cc \
@top_builddir@/common/cmi/src/cmp_plangroupid.cc \
@top_builddir@/common/cmi/src/cmp_plangroupmapping.cc \
@top_builddir@/common/cmi/src/cmp_plantypesetup.cc \
@top_builddir@/common/cmi/src/cmp_plantypetoplanmapping.cc \
@top_builddir@/common/cmi/src/cmp_poilevel.cc \
@top_builddir@/common/cmi/src/cmp_pointcode.cc \
@top_builddir@/common/cmi/src/cmp_pointcodearray.cc \
@top_builddir@/common/cmi/src/cmp_pointcodeid.cc \
@top_builddir@/common/cmi/src/cmp_pointcodestatus.cc \
@top_builddir@/common/cmi/src/cmp_pointcodesubsystemnumber.cc \
@top_builddir@/common/cmi/src/cmp_policynode.cc \
@top_builddir@/common/cmi/src/cmp_poolednumber.cc \
@top_builddir@/common/cmi/src/cmp_prescreenoptions.cc \
@top_builddir@/common/cmi/src/cmp_prichannelid.cc \
@top_builddir@/common/cmi/src/cmp_prichannelrange.cc \
@top_builddir@/common/cmi/src/cmp_prieventtype.cc \
@top_builddir@/common/cmi/src/cmp_priorityinfo.cc \
@top_builddir@/common/cmi/src/cmp_prioritymap.cc \
@top_builddir@/common/cmi/src/cmp_pritrunkgroupconfigurationparameters.cc \
@top_builddir@/common/cmi/src/cmp_progressindicator.cc \
@top_builddir@/common/cmi/src/cmp_promptandcollecttreatment.cc \
@top_builddir@/common/cmi/src/cmp_propagationdelay.cc \
@top_builddir@/common/cmi/src/cmp_protocolarray.cc \
@top_builddir@/common/cmi/src/cmp_provisioningstatusresponse.cc \
@top_builddir@/common/cmi/src/cmp_provisionstate.cc \
@top_builddir@/common/cmi/src/cmp_pupchannelrange.cc \
@top_builddir@/common/cmi/src/cmp_pupdchannelconfigurationparameters.cc \
@top_builddir@/common/cmi/src/cmp_puptrunkgroupconfigurationparameters.cc \
@top_builddir@/common/cmi/src/cmp_q931configparams.cc \
@top_builddir@/common/cmi/src/cmp_q931status.cc \
@top_builddir@/common/cmi/src/cmp_qosmetrics.cc \
@top_builddir@/common/cmi/src/cmp_qualifiedlatainfo.cc \
@top_builddir@/common/cmi/src/cmp_queuestatus.cc \
@top_builddir@/common/cmi/src/cmp_radata.cc \
@top_builddir@/common/cmi/src/cmp_rastransaction.cc \
@top_builddir@/common/cmi/src/cmp_rceventreceived.cc \
@top_builddir@/common/cmi/src/cmp_rdealarmtype.cc \
@top_builddir@/common/cmi/src/cmp_rdeampconfigparams.cc \
@top_builddir@/common/cmi/src/cmp_rdefailovervector.cc \
@top_builddir@/common/cmi/src/cmp_realtimemetrics.cc \
@top_builddir@/common/cmi/src/cmp_reasoncode.cc \
@top_builddir@/common/cmi/src/cmp_reattemptcause.cc \
@top_builddir@/common/cmi/src/cmp_redirectioninfo.cc \
@top_builddir@/common/cmi/src/cmp_redirectionnumberrestriction.cc \
@top_builddir@/common/cmi/src/cmp_redundancymode.cc \
@top_builddir@/common/cmi/src/cmp_refresher.cc \
@top_builddir@/common/cmi/src/cmp_rejectreason.cc \
@top_builddir@/common/cmi/src/cmp_releasedirection.cc \
@top_builddir@/common/cmi/src/cmp_remoteconnectiondesc.cc \
@top_builddir@/common/cmi/src/cmp_remotemaintenancetype.cc \
@top_builddir@/common/cmi/src/cmp_remotemaintenancetypearray.cc \
@top_builddir@/common/cmi/src/cmp_remoteproxy.cc \
@top_builddir@/common/cmi/src/cmp_reoriginationpattern.cc \
@top_builddir@/common/cmi/src/cmp_reoriginationtrigger.cc \
@top_builddir@/common/cmi/src/cmp_reportedelemid.cc \
@top_builddir@/common/cmi/src/cmp_reportingelemid.cc \
@top_builddir@/common/cmi/src/cmp_reporttype.cc \
@top_builddir@/common/cmi/src/cmp_repparameters.cc \
@top_builddir@/common/cmi/src/cmp_requesttype.cc \
@top_builddir@/common/cmi/src/cmp_resourcecommheader.cc \
@top_builddir@/common/cmi/src/cmp_resourceinfo.cc \
@top_builddir@/common/cmi/src/cmp_resourceinfoarray.cc \
@top_builddir@/common/cmi/src/cmp_resourcenotification.cc \
@top_builddir@/common/cmi/src/cmp_resourcestatustype.cc \
@top_builddir@/common/cmi/src/cmp_resourcetype.cc \
@top_builddir@/common/cmi/src/cmp_resourceusage.cc \
@top_builddir@/common/cmi/src/cmp_restartindicator.cc \
@top_builddir@/common/cmi/src/cmp_routelistdata.cc \
@top_builddir@/common/cmi/src/cmp_routelistinfo.cc \
@top_builddir@/common/cmi/src/cmp_routetreatment.cc \
@top_builddir@/common/cmi/src/cmp_routetype.cc \
@top_builddir@/common/cmi/src/cmp_routingendpointdata.cc \
@top_builddir@/common/cmi/src/cmp_routingendpointinfo.cc \
@top_builddir@/common/cmi/src/cmp_routingfeature.cc \
@top_builddir@/common/cmi/src/cmp_routingkeyid.cc \
@top_builddir@/common/cmi/src/cmp_routingkeyinfo.cc \
@top_builddir@/common/cmi/src/cmp_routingobjectid.cc \
@top_builddir@/common/cmi/src/cmp_routingplan.cc \
@top_builddir@/common/cmi/src/cmp_routingpolicy.cc \
@top_builddir@/common/cmi/src/cmp_routingtreatment.cc \
@top_builddir@/common/cmi/src/cmp_rsipinfo.cc \
@top_builddir@/common/cmi/src/cmp_rsipmethod.cc \
@top_builddir@/common/cmi/src/cmp_rtneinfo.cc \
@top_builddir@/common/cmi/src/cmp_rtptraceoptions.cc \
@top_builddir@/common/cmi/src/cmp_rulenodedata.cc \
@top_builddir@/common/cmi/src/cmp_sadata.cc \
@top_builddir@/common/cmi/src/cmp_sccpaddressindicator.cc \
@top_builddir@/common/cmi/src/cmp_sccpaddressinfo.cc \
@top_builddir@/common/cmi/src/cmp_sccprouteinfo.cc \
@top_builddir@/common/cmi/src/cmp_screeningindicator.cc \
@top_builddir@/common/cmi/src/cmp_screeningnumberrange.cc \
@top_builddir@/common/cmi/src/cmp_sctperrorcode.cc \
@top_builddir@/common/cmi/src/cmp_sdptype.cc \
@top_builddir@/common/cmi/src/cmp_securitylisttype.cc \
@top_builddir@/common/cmi/src/cmp_securityprofile.cc \
@top_builddir@/common/cmi/src/cmp_securityprofiledata.cc \
@top_builddir@/common/cmi/src/cmp_securityprofileparamdata.cc \
@top_builddir@/common/cmi/src/cmp_securitytoken.cc \
@top_builddir@/common/cmi/src/cmp_seeannouncementconfiguration.cc \
@top_builddir@/common/cmi/src/cmp_seeid.cc \
@top_builddir@/common/cmi/src/cmp_seeidarray.cc \
@top_builddir@/common/cmi/src/cmp_seelegstate.cc \
@top_builddir@/common/cmi/src/cmp_seesubscriptionid.cc \
@top_builddir@/common/cmi/src/cmp_serializedruleinfo.cc \
@top_builddir@/common/cmi/src/cmp_servicechangeparams.cc \
@top_builddir@/common/cmi/src/cmp_serviceconfigurationparameters.cc \
@top_builddir@/common/cmi/src/cmp_serviceeventblocking.cc \
@top_builddir@/common/cmi/src/cmp_serviceeventblockinglist.cc \
@top_builddir@/common/cmi/src/cmp_serviceid.cc \
@top_builddir@/common/cmi/src/cmp_serviceinformation.cc \
@top_builddir@/common/cmi/src/cmp_servicekeydata.cc \
@top_builddir@/common/cmi/src/cmp_servicemap.cc \
@top_builddir@/common/cmi/src/cmp_servicemessagedata.cc \
@top_builddir@/common/cmi/src/cmp_servicenode.cc \
@top_builddir@/common/cmi/src/cmp_servicenodedata.cc \
@top_builddir@/common/cmi/src/cmp_servicenodeinfo.cc \
@top_builddir@/common/cmi/src/cmp_servicenodetreatment.cc \
@top_builddir@/common/cmi/src/cmp_servicenodetype.cc \
@top_builddir@/common/cmi/src/cmp_serviceparameter.cc \
@top_builddir@/common/cmi/src/cmp_servicepresentationparms.cc \
@top_builddir@/common/cmi/src/cmp_servicestate.cc \
@top_builddir@/common/cmi/src/cmp_servicesyncstatus.cc \
@top_builddir@/common/cmi/src/cmp_servicetimertype.cc \
@top_builddir@/common/cmi/src/cmp_servicetreatment.cc \
@top_builddir@/common/cmi/src/cmp_servicetype.cc \
@top_builddir@/common/cmi/src/cmp_sessiongroup.cc \
@top_builddir@/common/cmi/src/cmp_sessiongroupstatustype.cc \
@top_builddir@/common/cmi/src/cmp_sessionmanagermessage.cc \
@top_builddir@/common/cmi/src/cmp_sessionstatus.cc \
@top_builddir@/common/cmi/src/cmp_sessionstatustype.cc \
@top_builddir@/common/cmi/src/cmp_sessiontype.cc \
@top_builddir@/common/cmi/src/cmp_setboolparameter.cc \
@top_builddir@/common/cmi/src/cmp_sgpinfo.cc \
@top_builddir@/common/cmi/src/cmp_sgstatus.cc \
@top_builddir@/common/cmi/src/cmp_shutdownmode.cc \
@top_builddir@/common/cmi/src/cmp_signalingelement.cc \
@top_builddir@/common/cmi/src/cmp_signalingprotocol.cc \
@top_builddir@/common/cmi/src/cmp_signalingprotocolarray.cc \
@top_builddir@/common/cmi/src/cmp_signalingprotocolrule.cc \
@top_builddir@/common/cmi/src/cmp_signallingeventtype.cc \
@top_builddir@/common/cmi/src/cmp_sipcausecode.cc \
@top_builddir@/common/cmi/src/cmp_sipcontact.cc \
@top_builddir@/common/cmi/src/cmp_siphdr.cc \
@top_builddir@/common/cmi/src/cmp_sipinterworkingproperties.cc \
@top_builddir@/common/cmi/src/cmp_siplocalgateway.cc \
@top_builddir@/common/cmi/src/cmp_sipmediaaction.cc \
@top_builddir@/common/cmi/src/cmp_sipmethod.cc \
@top_builddir@/common/cmi/src/cmp_sipmsgtype.cc \
@top_builddir@/common/cmi/src/cmp_sipprofilerrule.cc \
@top_builddir@/common/cmi/src/cmp_sipprofilerruletype.cc \
@top_builddir@/common/cmi/src/cmp_sippsdpinfo.cc \
@top_builddir@/common/cmi/src/cmp_sipregrspactions.cc \
@top_builddir@/common/cmi/src/cmp_sipresponsestatus.cc \
@top_builddir@/common/cmi/src/cmp_siptimers.cc \
@top_builddir@/common/cmi/src/cmp_siptransportinfo.cc \
@top_builddir@/common/cmi/src/cmp_sipuaprofile.cc \
@top_builddir@/common/cmi/src/cmp_spanconfigurationparameters.cc \
@top_builddir@/common/cmi/src/cmp_spangroupconfigurationparameters.cc \
@top_builddir@/common/cmi/src/cmp_spangroupparams.cc \
@top_builddir@/common/cmi/src/cmp_spicetrunkgroup.cc \
@top_builddir@/common/cmi/src/cmp_sqlerrortype.cc \
@top_builddir@/common/cmi/src/cmp_sqlresultset.cc \
@top_builddir@/common/cmi/src/cmp_sqltype.cc \
@top_builddir@/common/cmi/src/cmp_sqltypearray.cc \
@top_builddir@/common/cmi/src/cmp_srsinfo.cc \
@top_builddir@/common/cmi/src/cmp_srsinfoarray.cc \
@top_builddir@/common/cmi/src/cmp_ss7aconfigparams.cc \
@top_builddir@/common/cmi/src/cmp_ss7bytestream.cc \
@top_builddir@/common/cmi/src/cmp_ss7gwpointcodemapvector.cc \
@top_builddir@/common/cmi/src/cmp_ss7networkindicator.cc \
@top_builddir@/common/cmi/src/cmp_ss7servicenode.cc \
@top_builddir@/common/cmi/src/cmp_ss7type.cc \
@top_builddir@/common/cmi/src/cmp_sseuseraction.cc \
@top_builddir@/common/cmi/src/cmp_statistics.cc \
@top_builddir@/common/cmi/src/cmp_stringcode.cc \
@top_builddir@/common/cmi/src/cmp_stringmap.cc \
@top_builddir@/common/cmi/src/cmp_stringvalue.cc \
@top_builddir@/common/cmi/src/cmp_stringvaluearray.cc \
@top_builddir@/common/cmi/src/cmp_strparameterblock.cc \
@top_builddir@/common/cmi/src/cmp_structtm.cc \
@top_builddir@/common/cmi/src/cmp_subscriberstatus.cc \
@top_builddir@/common/cmi/src/cmp_subsequentdigits.cc \
@top_builddir@/common/cmi/src/cmp_subsystemaddress.cc \
@top_builddir@/common/cmi/src/cmp_subsystemaddressarray.cc \
@top_builddir@/common/cmi/src/cmp_subsystemnumberstatus.cc \
@top_builddir@/common/cmi/src/cmp_subtariffcontrol.cc \
@top_builddir@/common/cmi/src/cmp_supportedprotocols.cc \
@top_builddir@/common/cmi/src/cmp_suspendresumeind.cc \
@top_builddir@/common/cmi/src/cmp_switchtype.cc \
@top_builddir@/common/cmi/src/cmp_sysconfigparams.cc \
@top_builddir@/common/cmi/src/cmp_systemcauselocation.cc \
@top_builddir@/common/cmi/src/cmp_systemwideroutinginfo.cc \
@top_builddir@/common/cmi/src/cmp_t38faxprofile.cc \
@top_builddir@/common/cmi/src/cmp_tariff.cc \
@top_builddir@/common/cmi/src/cmp_tariffchargemessage.cc \
@top_builddir@/common/cmi/src/cmp_tariffcontrolindicator.cc \
@top_builddir@/common/cmi/src/cmp_tariffduration.cc \
@top_builddir@/common/cmi/src/cmp_tariffdurationunit.cc \
@top_builddir@/common/cmi/src/cmp_tariffindicator.cc \
@top_builddir@/common/cmi/src/cmp_tariffinfoblock.cc \
@top_builddir@/common/cmi/src/cmp_tariffsequence.cc \
@top_builddir@/common/cmi/src/cmp_tcapcomponentevent.cc \
@top_builddir@/common/cmi/src/cmp_tcapdialogevent.cc \
@top_builddir@/common/cmi/src/cmp_tcapinvokeid.cc \
@top_builddir@/common/cmi/src/cmp_tcappackagetype.cc \
@top_builddir@/common/cmi/src/cmp_tcaprejectsource.cc \
@top_builddir@/common/cmi/src/cmp_terminationindicator.cc \
@top_builddir@/common/cmi/src/cmp_terminationinfo.cc \
@top_builddir@/common/cmi/src/cmp_test.cc \
@top_builddir@/common/cmi/src/cmp_testcallparameters.cc \
@top_builddir@/common/cmi/src/cmp_tglgwmap.cc \
@top_builddir@/common/cmi/src/cmp_tgwcdecdata.cc \
@top_builddir@/common/cmi/src/cmp_tgwtoingregrtgmap.cc \
@top_builddir@/common/cmi/src/cmp_thousandsblocktype.cc \
@top_builddir@/common/cmi/src/cmp_timeinfo.cc \
@top_builddir@/common/cmi/src/cmp_timeofday.cc \
@top_builddir@/common/cmi/src/cmp_timestamp.cc \
@top_builddir@/common/cmi/src/cmp_tlv.cc \
@top_builddir@/common/cmi/src/cmp_tollfreepin.cc \
@top_builddir@/common/cmi/src/cmp_tracecancelreason.cc \
@top_builddir@/common/cmi/src/cmp_tracecriterion.cc \
@top_builddir@/common/cmi/src/cmp_tracemsgstream.cc \
@top_builddir@/common/cmi/src/cmp_traceresponsestatus.cc \
@top_builddir@/common/cmi/src/cmp_traffictype.cc \
@top_builddir@/common/cmi/src/cmp_transactionid.cc \
@top_builddir@/common/cmi/src/cmp_transactionidarray.cc \
@top_builddir@/common/cmi/src/cmp_transientdata.cc \
@top_builddir@/common/cmi/src/cmp_transientdataarray.cc \
@top_builddir@/common/cmi/src/cmp_transienttype.cc \
@top_builddir@/common/cmi/src/cmp_transienttypearray.cc \
@top_builddir@/common/cmi/src/cmp_transitnetworkselection.cc \
@top_builddir@/common/cmi/src/cmp_translationtype.cc \
@top_builddir@/common/cmi/src/cmp_transmissionmediumreq.cc \
@top_builddir@/common/cmi/src/cmp_transportaddress.cc \
@top_builddir@/common/cmi/src/cmp_transporteventreceived.cc \
@top_builddir@/common/cmi/src/cmp_transportprotocol.cc \
@top_builddir@/common/cmi/src/cmp_treatmentnodedata.cc \
@top_builddir@/common/cmi/src/cmp_treatmenttype.cc \
@top_builddir@/common/cmi/src/cmp_triggercriteriatype.cc \
@top_builddir@/common/cmi/src/cmp_triggererror.cc \
@top_builddir@/common/cmi/src/cmp_triggerresponse.cc \
@top_builddir@/common/cmi/src/cmp_trunkdirection.cc \
@top_builddir@/common/cmi/src/cmp_trunkgroupmaintenance.cc \
@top_builddir@/common/cmi/src/cmp_trunkgroupmetrics.cc \
@top_builddir@/common/cmi/src/cmp_trunkgrouptype.cc \
@top_builddir@/common/cmi/src/cmp_trunkroutetype.cc \
@top_builddir@/common/cmi/src/cmp_tunneledprotocol.cc \
@top_builddir@/common/cmi/src/cmp_txcontrol.cc \
@top_builddir@/common/cmi/src/cmp_txmode.cc \
@top_builddir@/common/cmi/src/cmp_typeofcall.cc \
@top_builddir@/common/cmi/src/cmp_uri.cc \
@top_builddir@/common/cmi/src/cmp_url.cc \
@top_builddir@/common/cmi/src/cmp_userserviceinfo.cc \
@top_builddir@/common/cmi/src/cmp_userteleserviceinfo.cc \
@top_builddir@/common/cmi/src/cmp_variablename.cc \
@top_builddir@/common/cmi/src/cmp_versionbaseprotocol.cc \
@top_builddir@/common/cmi/src/cmp_versioninfo.cc \
@top_builddir@/common/cmi/src/cmp_virtualtrunkgroupconfigurationparameters.cc \
@top_builddir@/common/cmi/src/cmp_voiceoveratmoption.cc \
@top_builddir@/common/cmi/src/cmp_voipprotocoltype.cc \
@top_builddir@/common/cmi/src/cmp_vpnidinfo.cc \
@top_builddir@/common/cmi/src/cmp_vsapdata.cc \
@top_builddir@/common/cmi/src/cmp_vsapraassociation.cc \
@top_builddir@/common/cmi/src/cmp_vsapsaassociation.cc \
@top_builddir@/common/cmi/src/cmp_wink.cc \
@top_builddir@/common/cmi/src/cmp_word16param.cc \
@top_builddir@/common/cmi/src/cmp_word16value.cc \
@top_builddir@/common/cmi/src/cmp_word16valuearray.cc \
@top_builddir@/common/cmi/src/cmp_word32param.cc \
@top_builddir@/common/cmi/src/cmp_word32value.cc \
@top_builddir@/common/cmi/src/cmp_word32valuearray.cc \
@top_builddir@/common/cmi/src/cmp_word64param.cc \
@top_builddir@/common/cmi/src/cmp_word64value.cc \
@top_builddir@/common/cmi/src/cmp_word64valuearray.cc \
@top_builddir@/common/cmi/src/cmp_zzcode.cc \

LIBCMI_CMP_VERSIONED_SRCS := \\
@top_builddir@/common/cmi/src/cmp_accountcodenpintreatment_v862.cc \
@top_builddir@/common/cmi/src/cmp_aspinfo_v884.cc \
@top_builddir@/common/cmi/src/cmp_authbusinessunit_v820.cc \
@top_builddir@/common/cmi/src/cmp_bginfo_v880.cc \
@top_builddir@/common/cmi/src/cmp_bginfolist_v880.cc \
@top_builddir@/common/cmi/src/cmp_bordergatewaydata_v880.cc \
@top_builddir@/common/cmi/src/cmp_calleventtype_v860.cc \
@top_builddir@/common/cmi/src/cmp_dnshdr_v930.cc \
@top_builddir@/common/cmi/src/cmp_entitycollection_v700.cc \
@top_builddir@/common/cmi/src/cmp_eventtime_v4.cc \
@top_builddir@/common/cmi/src/cmp_eventtimewithzone_v5.cc \
@top_builddir@/common/cmi/src/cmp_inapeventspecificinfobcsm_v860.cc \
@top_builddir@/common/cmi/src/cmp_ingregripdomainbgmapdata_v880.cc \
@top_builddir@/common/cmi/src/cmp_ingregripdomainmapdata_v880.cc \
@top_builddir@/common/cmi/src/cmp_ingregripdomainmapdata_v900.cc \
@top_builddir@/common/cmi/src/cmp_inservicetype_v920.cc \
@top_builddir@/common/cmi/src/cmp_inservicetypearray_v920.cc \
@top_builddir@/common/cmi/src/cmp_ipdomaindata_v880.cc \
@top_builddir@/common/cmi/src/cmp_ipdomaininfo_v880.cc \
@top_builddir@/common/cmi/src/cmp_ipprovisionalparams_v900.cc \
@top_builddir@/common/cmi/src/cmp_iptrunkgroup_v1200.cc \
@top_builddir@/common/cmi/src/cmp_iptrunkgroup_v900.cc \
@top_builddir@/common/cmi/src/cmp_iptrunkgroup_v910.cc \
@top_builddir@/common/cmi/src/cmp_listofaspinfo_v884.cc \
@top_builddir@/common/cmi/src/cmp_listofauthbusinessunit_v820.cc \
@top_builddir@/common/cmi/src/cmp_listofbginfolist_v880.cc \
@top_builddir@/common/cmi/src/cmp_listofbginfolist_v900.cc \
@top_builddir@/common/cmi/src/cmp_listofbordergatewaydata_v880.cc \
@top_builddir@/common/cmi/src/cmp_listofdnshdrs_v930.cc \
@top_builddir@/common/cmi/src/cmp_listofingregripdomainbgmapdata_v880.cc \
@top_builddir@/common/cmi/src/cmp_listofingregripdomainmapdata_v880.cc \
@top_builddir@/common/cmi/src/cmp_listofingregripdomainmapdata_v900.cc \
@top_builddir@/common/cmi/src/cmp_listofipdomaindata_v880.cc \
@top_builddir@/common/cmi/src/cmp_listofipdomaininfo_v880.cc \
@top_builddir@/common/cmi/src/cmp_listofiptrunkgroup_v1200.cc \
@top_builddir@/common/cmi/src/cmp_listofiptrunkgroup_v900.cc \
@top_builddir@/common/cmi/src/cmp_listofiptrunkgroup_v910.cc \
@top_builddir@/common/cmi/src/cmp_listofmatrixinfo_v860.cc \
@top_builddir@/common/cmi/src/cmp_listofmeasurementset_v884.cc \
@top_builddir@/common/cmi/src/cmp_listofmediacapabilityinfo_v800.cc \
@top_builddir@/common/cmi/src/cmp_listofmediachannelinfo_v800.cc \
@top_builddir@/common/cmi/src/cmp_listofmediationdevice_v870.cc \
@top_builddir@/common/cmi/src/cmp_listofmediationdeviceregion_v870.cc \
@top_builddir@/common/cmi/src/cmp_listofneagentinfo_v900.cc \
@top_builddir@/common/cmi/src/cmp_listofobjectcollectioninfo_v700.cc \
@top_builddir@/common/cmi/src/cmp_listofroutelistdata_v820.cc \
@top_builddir@/common/cmi/src/cmp_listofroutelistinfo_v800.cc \
@top_builddir@/common/cmi/src/cmp_listofroutingblocks_v884.cc \
@top_builddir@/common/cmi/src/cmp_listofroutingblocks_v900.cc \
@top_builddir@/common/cmi/src/cmp_listofroutingendpointinfo_v884.cc \
@top_builddir@/common/cmi/src/cmp_listofroutingkeyinfo_v880.cc \
@top_builddir@/common/cmi/src/cmp_listofservicetriggers_v881.cc \
@top_builddir@/common/cmi/src/cmp_listofservicetriggers_v900.cc \
@top_builddir@/common/cmi/src/cmp_listofservicetriggers_v910.cc \
@top_builddir@/common/cmi/src/cmp_listofterminationinfo_v880.cc \
@top_builddir@/common/cmi/src/cmp_listofterminationinfo_v900.cc \
@top_builddir@/common/cmi/src/cmp_matrixinfo_v860.cc \
@top_builddir@/common/cmi/src/cmp_measurementset_v884.cc \
@top_builddir@/common/cmi/src/cmp_mediacapabilityinfo_v800.cc \
@top_builddir@/common/cmi/src/cmp_mediachannelinfo_v800.cc \
@top_builddir@/common/cmi/src/cmp_mediagatewaylocalconnectionoption_v4.cc \
@top_builddir@/common/cmi/src/cmp_mediaparamlistinfo_v884.cc \
@top_builddir@/common/cmi/src/cmp_mediaproperty_v880.cc \
@top_builddir@/common/cmi/src/cmp_mediationdevice_v870.cc \
@top_builddir@/common/cmi/src/cmp_mediationdeviceinfo_v870.cc \
@top_builddir@/common/cmi/src/cmp_mediationdeviceinfolist_v870.cc \
@top_builddir@/common/cmi/src/cmp_mediationdeviceregion_v870.cc \
@top_builddir@/common/cmi/src/cmp_neagentinfo_v900.cc \
@top_builddir@/common/cmi/src/cmp_objectcollectioninfo_v700.cc \
@top_builddir@/common/cmi/src/cmp_queuestatus_v700.cc \
@top_builddir@/common/cmi/src/cmp_repparameters_v1000.cc \
@top_builddir@/common/cmi/src/cmp_routelistdata_v820.cc \
@top_builddir@/common/cmi/src/cmp_routelistinfo_v800.cc \
@top_builddir@/common/cmi/src/cmp_routingendpointinfo_v884.cc \
@top_builddir@/common/cmi/src/cmp_routingkeyinfo_v880.cc \
@top_builddir@/common/cmi/src/cmp_servicenode_v870.cc \
@top_builddir@/common/cmi/src/cmp_servicenodetreatment_v870.cc \
@top_builddir@/common/cmi/src/cmp_servicenodetreatment_v900.cc \
@top_builddir@/common/cmi/src/cmp_terminationinfo_v880.cc \
@top_builddir@/common/cmi/src/cmp_terminationinfo_v900.cc \
@top_builddir@/common/cmi/src/cmp_timeinfo_v700.cc \
@top_builddir@/common/cmi/src/cmp_timeofday_v880.cc \
@top_builddir@/common/cmi/src/cmp_timestamp_v4.cc \

